# serializer version: 1
# name: test_show_warehouses
  '''
  +------------------+
  | name | state     |
  |------+-----------|
  | foo  | suspended |
  | bar  | running   |
  +------------------+
  
  '''
# ---
